{
  "Schema": "schema.graphql",
  "Documents": "**/*.graphql",
  "Location": null,
  "Extensions": {
    "Neo4J": null,
    "EF": {
      "Name": "EFCore",
      "Namespace": "Foo.Bar"
    }
  }
}
