{
  "Errors": [
    {
      "Message": "The `fileName` cannot be null or empty."
    }
  ]
}
