using Microsoft.EntityFrameworkCore;
using Microsoft.EntityFrameworkCore.Metadata.Builders;

namespace CompanyName.EFCore
{
    [global::System.CodeDom.Compiler.GeneratedCode("HotChocolate", "1.0.0.0")]
    public class ProductConfigurer : IEntityTypeConfiguration<Product>
    {
        public void Configure(EntityTypeBuilder<Product> builder)
        {
        }
    }
}
