{
  "query": {
    "bool": {
      "filter": [
        {
          "prefix": {
            "baz.bar": {
              "value": "he"
            }
          }
        }
      ]
    }
  }
}
