schema {
  query: Query
}

type Query @foo {
  foo: String
}

<<<<<<< HEAD
directive @foo(argument1: String) on OBJECT

directive @tag(name: String!) repeatable on SCHEMA | SCALAR | OBJECT | FIELD_DEFINITION | ARGUMENT_DEFINITION | INTERFACE | UNION | ENUM | ENUM_VALUE | INPUT_OBJECT | INPUT_FIELD_DEFINITION
=======
directive @foo(argument1: String) on OBJECT
>>>>>>> 3f34684f9c (Fixed issue that caused the tag directive to be ignored. (#6746))
