namespace FooBarNamespace
{
    [global::System.CodeDom.Compiler.GeneratedCode("StrawberryShake", "11.0.0")]
    public partial class Foo
        : IOperationResultDataInfoResultInfo
    {
        public Foo(
            IReadOnlyList<EntityId> entityIds,
            string someText)
        {
            EntityIds = entityIds;
            SomeText = someText;
        }

        public IReadOnlyList<EntityId> EntityIds { get; }

        public string SomeText { get; }
    }
}
