[global::System.CodeDom.Compiler.GeneratedCode("HotChocolate", "1.0.0.0")]
public partial class Booking
{
    public global::System.Int32 Id
    {
        get;
        set;
    }
}
