using Microsoft.EntityFrameworkCore;
using Microsoft.EntityFrameworkCore.Metadata.Builders;

namespace CompanyName.EFCore
{
    [global::System.CodeDom.Compiler.GeneratedCode("HotChocolate", "1.0.0.0")]
    public class BookingConfigurer : global::Microsoft.EntityFrameworkCore.IEntityTypeConfiguration<Booking>
    {
        public void Configure(global::Microsoft.EntityFrameworkCore.Metadata.Builders.EntityTypeBuilder<Booking> builder)
        {
            builder.ToTable("Booking");
        }
    }
}
