namespace CompanyName.EFCore
{
    [global::HotChocolate.Types.ExtendObjectType("Query")]
    public partial class Query
    {
    }
}
