using Microsoft.EntityFrameworkCore;
using Microsoft.EntityFrameworkCore.Metadata.Builders;

namespace CompanyName.EFCore
{
    [global::System.CodeDom.Compiler.GeneratedCode("HotChocolate", "1.0.0.0")]
    public class FooDerivedKey1Configurer : global::Microsoft.EntityFrameworkCore.IEntityTypeConfiguration<FooDerivedKey1>
    {
        public void Configure(global::Microsoft.EntityFrameworkCore.Metadata.Builders.EntityTypeBuilder<FooDerivedKey1> builder)
        {
            builder.HasKey(x => x.Id);
        }
    }
}
