[global::System.CodeDom.Compiler.GeneratedCode("HotChocolate", "1.0.0.0")]
public partial class FooDerivedKey6
{
    public global::System.String FooDerivedKey6ID
    {
        get;
        set;
    }
}
