[global::System.CodeDom.Compiler.GeneratedCode("HotChocolate", "1.0.0.0")]
public partial class FooCompositeKey
{
    public global::System.String FooId
    {
        get;
        set;
    }

    public global::System.String BarId
    {
        get;
        set;
    }
}
