Unable to merge the field `Interface1.field1(a:)` because the type `Int` does not match the type `String`.