Unable to merge the field `Query.field1` because the type `String` does not match the type `Int`.