schema {
  query: Query
}

type Query {
  foo(test: ListFilterInputOfStringOperationInput): String
}

input BooleanOperationInput {
  eq: Boolean
  neq: Boolean
}

input ListFilterInputOfStringOperationInput {
  all: StringOperationInput
  any: BooleanOperationInput
  none: StringOperationInput
  some: StringOperationInput
}

input StringOperationInput {
  and: [StringOperationInput!]
  contains: String
  endsWith: String
  eq: String
  gt: String
  gte: String
  in: String
  lt: String
  lte: String
  ncontains: String
  nendsWith: String
  neq: String
  ngt: String
  ngte: String
  nin: String
  nlt: String
  nlte: String
  nstartsWith: String
  or: [StringOperationInput!]
  startsWith: String
}

"The `Boolean` scalar type represents `true` or `false`."
scalar Boolean

"The `String` scalar type represents textual data, represented as UTF-8 character sequences. The String type is most often used by GraphQL to represent free-form human-readable text."
scalar String
