SELECT * FROM "ExampleData" WHERE "BarEnum" NOT IN (@p0) OR "BarEnum" IS NULL
