SELECT * FROM "ExampleData" WHERE "BarEnum" IN (@p0) AND "BarEnum" IS NOT NULL
