SELECT * FROM "ExampleData" WHERE "BarEnum" IN (@p0)
