SELECT * FROM "ExampleData" WHERE NOT (LOWER("Bar") like @p0)
