[{"data":{"f1":"1-1","f2":"2-1"}},{"data":{"foo":"3-1"}}]
