[{"data":{"f1":"A-1","f2":"B-1"}},{"data":{"f3":"C-1"}},{"data":{"f4":"C-1-2"}}]
