[{"data":{"f1":"A-1","f2":"B-1"}},{"data":{"f3":"C-2"}},{"data":{"f4":"C-2-3"}},{"data":{"f5":"D-4"}},{"data":{"f6":"E-5"}},{"data":{"f7":"F-6"}}]
