{
  "nestedList": [
    [
      "foo_baz_1",
      "foo_baz_2",
      "foo_baz_3",
      "foo_baz_4"
    ],
    [
      "foo_baz_1",
      "foo_baz_2",
      "foo_baz_3",
      "foo_baz_4"
    ],
    [
      "foo_baz_1",
      "foo_baz_2",
      "foo_baz_3",
      "foo_baz_4"
    ],
    [
      "foo_baz_1",
      "foo_baz_2",
      "foo_baz_3",
      "foo_baz_4"
    ]
  ]
}
