{
  "list": [
    {
      "countBy": "a"
    },
    {
      "countBy": "a"
    }
  ]
}
