namespace StarWarsClient
{
    [global::System.CodeDom.Compiler.GeneratedCode("StrawberryShake", "11.0.0")]
    public partial class GetHeroResult
    {
        public GetHeroResult(
            IHero hero,
            string version)
        {
            Hero = hero;
            Version = version;
        }

        public IHero Hero { get; }

        public string Version { get; }
    }
}
