{
  "errors": [
    {
      "message": "String cannot serialize the given value.",
      "locations": [
        {
          "line": 3,
          "column": 25
        }
      ],
      "path": [
        "doSomething",
        "string"
      ],
      "extensions": {
        "actualValue": "System.Object",
        "actualType": "System.Object",
        "code": "EXEC_INVALID_LEAF_VALUE"
      }
    }
  ]
}
